// Vitest Snapshot v1

exports[`mount component 1`] = `
""<td class=\\"td-cell cell\\">张三
     <!---->
   </td>""
`;
